// Jest Snapshot v1, https://goo.gl/fbAQLP

exports[`ReportGenerator generateHtml 1`] = `"returned-data"`;
