// Jest Snapshot v1, https://goo.gl/fbAQLP

exports[`CollapsibleScriptProvider produces script source that matches snapshot 1`] = `
"(function (doc) {
  const collapsibles = doc.getElementsByClassName('collapsible-container');

  for (let index = 0; index < collapsibles.length; index++) {
    const container = collapsibles.item(index);
    const button = container.querySelector('.collapsible-control');
    button.addEventListener('click', function () {
      const content = button.parentElement.nextElementSibling;
      const wasExpandedBefore = button.getAttribute('aria-expanded') === 'false' ? false : true;
      const isExpandedAfter = !wasExpandedBefore;
      button.setAttribute('aria-expanded', isExpandedAfter + '');
      content.setAttribute('aria-hidden', !isExpandedAfter + '');

      if (isExpandedAfter) {
        container.classList.remove('collapsed');
      } else {
        container.classList.add('collapsed');
      }
    });
  }
})(document)"
`;
