// Jest Snapshot v1, https://goo.gl/fbAQLP

exports[`ReporterHeaderSection renders 1`] = `
<HeaderSection
  headerText="Accessibility Insights"
  targetAppInfo={
    Object {
      "name": "page-title",
      "url": "url://page",
    }
  }
/>
`;
