// Jest Snapshot v1, https://goo.gl/fbAQLP

exports[`IssueFilingChoiceGroupTest render 1`] = `
<StyledChoiceGroupBase
  ariaLabelledBy="issue-filing-heading"
  className="issue-filing-choice-group"
  onChange={[Function]}
  options={
    Array [
      Object {
        "key": "test bug service key",
        "text": "test bug service name",
      },
    ]
  }
  selectedKey="test bug service key"
/>
`;
