// Jest Snapshot v1, https://goo.gl/fbAQLP

exports[`TestViewLeftNavLink renders 1`] = `
<span
  aria-hidden="true"
  className="leftNavLinkContainer"
  data-automation-id="test-view-left-nav-link"
>
  <i>
    test-props-renderIcon
  </i>
  <span
    className="testName"
  >
    test-props-link-name
  </span>
</span>
`;
