// Jest Snapshot v1, https://goo.gl/fbAQLP

exports[`RootContainer renders with routeId = deviceConnectView 1`] = `
<DeviceConnectViewContainer
  cardSelectionStoreData={
    Object {
      "rules": Object {},
    }
  }
  deps={
    Object {
      "storesHub": proxy {
        "___id": "BCDF5CE5-F0DF-40B7-8BA0-69DF395033C8",
        "stores": undefined,
      },
    }
  }
  scanStoreData={
    Object {
      "status": 2,
    }
  }
  unifiedScanResultStoreData={
    Object {
      "rules": Array [],
    }
  }
  userConfigurationStoreData={
    Object {
      "isFirstTime": false,
    }
  }
  windowStateStoreData={
    Object {
      "currentWindowState": "customSize",
      "routeId": "deviceConnectView",
    }
  }
/>
`;

exports[`RootContainer renders with routeId = resultsView 1`] = `
<NarrowModeDetector
  Component={[Function]}
  childrenProps={
    Object {
      "cardSelectionStoreData": Object {
        "rules": Object {},
      },
      "deps": Object {
        "storesHub": proxy {
          "___id": "BCDF5CE5-F0DF-40B7-8BA0-69DF395033C8",
          "stores": undefined,
        },
      },
      "scanStoreData": Object {
        "status": 2,
      },
      "unifiedScanResultStoreData": Object {
        "rules": Array [],
      },
      "userConfigurationStoreData": Object {
        "isFirstTime": false,
      },
      "windowStateStoreData": Object {
        "currentWindowState": "customSize",
        "routeId": "resultsView",
      },
    }
  }
  deps={
    Object {
      "storesHub": proxy {
        "___id": "BCDF5CE5-F0DF-40B7-8BA0-69DF395033C8",
        "stores": undefined,
      },
    }
  }
  isNarrowModeEnabled={true}
/>
`;
