// Jest Snapshot v1, https://goo.gl/fbAQLP

exports[`UnifiedReportHead renders 1`] = `
<head>
  <meta
    charSet="UTF-8"
  />
  <title>
    Accessibility Insights for Android
     - Report
  </title>
  <style
    dangerouslySetInnerHTML={
      Object {
        "__html": "<<CSS:../reports/automated-checks-report.css>>",
      }
    }
  />
  <style
    dangerouslySetInnerHTML={
      Object {
        "__html": "<<CSS:renderer.css>>",
      }
    }
  />
</head>
`;
