// Jest Snapshot v1, https://goo.gl/fbAQLP

exports[`HTTPQueryBuilder encodes {"name": "[param]", "value": "(value)"} 1`] = `"https://some-test-url?%5Bparam%5D=(value)"`;

exports[`HTTPQueryBuilder encodes {"name": "a param", "value": "value&"} 1`] = `"https://some-test-url?a%20param=value%26"`;

exports[`HTTPQueryBuilder encodes {"name": "name?", "value": "value\\""} 1`] = `"https://some-test-url?name%3F=value%22"`;
