// Jest Snapshot v1, https://goo.gl/fbAQLP

exports[`TelemetryViewer renders when there are no telemetry messages 1`] = `
<strong>
  No telemetry messages yet. Use the extension to see something here.
</strong>
`;

exports[`TelemetryViewer renders when there is at least one telemetry message 1`] = `
<React.Fragment>
  <TelemetryCommonFields
    applicationBuild="test-application-build"
    applicationName="test-application-name"
    applicationVersion="test-application-version"
    installationId="test-installation-id"
  />
  <TelemetryMessagesList
    deps={
      Object {
        "telemetryListener": proxy {
          "___id": "BCDF5CE5-F0DF-40B7-8BA0-69DF395033C8",
          "browserAdapter": undefined,
          "getDate": undefined,
          "listeners": Array [],
          "onTelemetryMessage": [Function],
        },
      }
    }
    items={
      Array [
        Object {
          "applicationBuild": "test-application-build",
          "applicationName": "test-application-name",
          "applicationVersion": "test-application-version",
          "installationId": "test-installation-id",
          "key": "value",
        },
      ]
    }
  />
</React.Fragment>
`;
