// Jest Snapshot v1, https://goo.gl/fbAQLP

exports[`DetectDevicesStep renders 1`] = `
<AndroidSetupSpinnerStep
  deps={
    Object {
      "LinkComponent": [Function],
    }
  }
  disableCancel={true}
  spinnerLabel="Checking permissions..."
/>
`;
