// Jest Snapshot v1, https://goo.gl/fbAQLP

exports[`WaitToStartStep renders 1`] = `
<main>
  <AndroidSetupSpinner
    label="Loading..."
  />
</main>
`;
