// Jest Snapshot v1, https://goo.gl/fbAQLP

exports[`LoadAssessmentButton should render per the snapshot 1`] = `
<InsightsCommandButton
  iconProps={
    Object {
      "iconName": "FabricOpenFolderHorizontal",
    }
  }
  onClick={[Function]}
>
  Load assessment
</InsightsCommandButton>
`;
