// Jest Snapshot v1, https://goo.gl/fbAQLP

exports[`SaveAssessmentFactory getSaveButtonForAssessment renders save assessment button 1`] = `
<SaveAssessmentButton
  download="SavedAssessment_date_title.a11ywebassessment"
  href="fileURL"
/>
`;
