// Jest Snapshot v1, https://goo.gl/fbAQLP

exports[`PathCardRow renders 1`] = `
<SimpleCardRow
  content="some path"
  label="Path"
  rowKey="Path--1"
/>
`;
