// Jest Snapshot v1, https://goo.gl/fbAQLP

exports[`TextCardRow renders 1`] = `
<SimpleCardRow
  content="test text"
  label="Text"
  rowKey="Text--1"
/>
`;
